mode: set
github.com/sagernet/sing-box/protocol/reticulum/bridge_stub.go:16.42,20.14 4 1
github.com/sagernet/sing-box/protocol/reticulum/bridge_stub.go:20.14,22.3 1 1
github.com/sagernet/sing-box/protocol/reticulum/bridge_stub.go:23.2,23.12 1 0
github.com/sagernet/sing-box/protocol/reticulum/bridge_stub.go:28.54,32.16 4 0
github.com/sagernet/sing-box/protocol/reticulum/bridge_stub.go:32.16,34.3 1 0
github.com/sagernet/sing-box/protocol/reticulum/bridge_stub.go:35.2,35.20 1 0
github.com/sagernet/sing-box/protocol/reticulum/bridge_stub.go:40.51,44.16 4 0
github.com/sagernet/sing-box/protocol/reticulum/bridge_stub.go:44.16,46.3 1 0
github.com/sagernet/sing-box/protocol/reticulum/bridge_stub.go:47.2,47.20 1 0
github.com/sagernet/sing-box/protocol/reticulum/bridge_stub.go:52.55,54.16 2 0
github.com/sagernet/sing-box/protocol/reticulum/bridge_stub.go:54.16,56.3 1 0
github.com/sagernet/sing-box/protocol/reticulum/bridge_stub.go:57.2,57.20 1 0
github.com/sagernet/sing-box/protocol/reticulum/bridge_stub.go:62.33,64.2 1 0
github.com/sagernet/sing-box/protocol/reticulum/bridge_stub.go:67.54,68.20 1 0
github.com/sagernet/sing-box/protocol/reticulum/bridge_stub.go:68.20,70.3 1 0
github.com/sagernet/sing-box/protocol/reticulum/bridge_stub.go:71.2,72.15 2 0
github.com/sagernet/sing-box/protocol/reticulum/bridge_stub.go:76.55,77.22 1 0
github.com/sagernet/sing-box/protocol/reticulum/bridge_stub.go:77.22,79.3 1 0
github.com/sagernet/sing-box/protocol/reticulum/bridge_stub.go:80.2,81.15 2 0
github.com/sagernet/sing-box/protocol/reticulum/bridge_stub.go:85.67,89.13 4 0
github.com/sagernet/sing-box/protocol/reticulum/bridge_stub.go:90.9,91.25 1 0
github.com/sagernet/sing-box/protocol/reticulum/bridge_stub.go:92.9,93.17 1 0
github.com/sagernet/sing-box/protocol/reticulum/bridge_stub.go:93.17,96.4 2 0
github.com/sagernet/sing-box/protocol/reticulum/bridge_stub.go:97.3,97.27 1 0
github.com/sagernet/sing-box/protocol/reticulum/bridge_stub.go:98.10,99.41 1 0
github.com/sagernet/sing-box/protocol/reticulum/bridge_stub.go:104.23,106.2 1 0
github.com/sagernet/sing-box/protocol/reticulum/conn.go:14.72,16.6 2 0
github.com/sagernet/sing-box/protocol/reticulum/conn.go:16.6,18.17 2 0
github.com/sagernet/sing-box/protocol/reticulum/conn.go:18.17,20.4 1 0
github.com/sagernet/sing-box/protocol/reticulum/conn.go:21.3,21.11 1 0
github.com/sagernet/sing-box/protocol/reticulum/conn.go:21.11,22.24 1 0
github.com/sagernet/sing-box/protocol/reticulum/conn.go:22.24,24.5 1 0
github.com/sagernet/sing-box/protocol/reticulum/conn.go:25.4,26.103 1 0
github.com/sagernet/sing-box/protocol/reticulum/conn.go:28.3,28.33 1 0
github.com/sagernet/sing-box/protocol/reticulum/conn.go:28.33,30.4 1 0
github.com/sagernet/sing-box/protocol/reticulum/conn.go:31.3,31.36 1 0
github.com/sagernet/sing-box/protocol/reticulum/conn.go:40.41,40.61 1 0
github.com/sagernet/sing-box/protocol/reticulum/conn.go:41.41,41.57 1 0
github.com/sagernet/sing-box/protocol/reticulum/conn.go:51.77,57.2 1 0
github.com/sagernet/sing-box/protocol/reticulum/conn.go:59.53,60.19 1 0
github.com/sagernet/sing-box/protocol/reticulum/conn.go:60.19,62.3 1 0
github.com/sagernet/sing-box/protocol/reticulum/conn.go:63.2,64.11 2 0
github.com/sagernet/sing-box/protocol/reticulum/conn.go:64.11,66.3 1 0
github.com/sagernet/sing-box/protocol/reticulum/conn.go:67.2,67.12 1 0
github.com/sagernet/sing-box/protocol/reticulum/conn.go:67.12,69.3 1 0
github.com/sagernet/sing-box/protocol/reticulum/conn.go:70.2,70.15 1 0
github.com/sagernet/sing-box/protocol/reticulum/conn.go:73.54,74.19 1 0
github.com/sagernet/sing-box/protocol/reticulum/conn.go:74.19,76.3 1 0
github.com/sagernet/sing-box/protocol/reticulum/conn.go:77.2,78.11 2 0
github.com/sagernet/sing-box/protocol/reticulum/conn.go:78.11,80.3 1 0
github.com/sagernet/sing-box/protocol/reticulum/conn.go:81.2,81.15 1 0
github.com/sagernet/sing-box/protocol/reticulum/conn.go:84.39,85.19 1 0
github.com/sagernet/sing-box/protocol/reticulum/conn.go:85.19,87.3 1 0
github.com/sagernet/sing-box/protocol/reticulum/conn.go:88.2,90.12 3 0
github.com/sagernet/sing-box/protocol/reticulum/conn.go:93.47,93.69 1 0
github.com/sagernet/sing-box/protocol/reticulum/conn.go:94.47,94.70 1 0
github.com/sagernet/sing-box/protocol/reticulum/conn.go:96.56,99.2 1 0
github.com/sagernet/sing-box/protocol/reticulum/conn.go:101.60,103.2 1 0
github.com/sagernet/sing-box/protocol/reticulum/conn.go:105.61,107.2 1 0
github.com/sagernet/sing-box/protocol/reticulum/inbound.go:21.50,23.2 1 1
github.com/sagernet/sing-box/protocol/reticulum/inbound.go:37.164,44.2 1 1
github.com/sagernet/sing-box/protocol/reticulum/inbound.go:46.57,47.43 1 1
github.com/sagernet/sing-box/protocol/reticulum/inbound.go:47.43,49.3 1 0
github.com/sagernet/sing-box/protocol/reticulum/inbound.go:50.2,52.14 3 1
github.com/sagernet/sing-box/protocol/reticulum/inbound.go:52.14,54.3 1 0
github.com/sagernet/sing-box/protocol/reticulum/inbound.go:57.2,57.41 1 1
github.com/sagernet/sing-box/protocol/reticulum/inbound.go:57.41,59.17 2 1
github.com/sagernet/sing-box/protocol/reticulum/inbound.go:59.17,61.4 1 0
github.com/sagernet/sing-box/protocol/reticulum/inbound.go:62.3,62.50 1 1
github.com/sagernet/sing-box/protocol/reticulum/inbound.go:62.50,64.4 1 1
github.com/sagernet/sing-box/protocol/reticulum/inbound.go:65.8,65.45 1 0
github.com/sagernet/sing-box/protocol/reticulum/inbound.go:65.45,67.17 2 0
github.com/sagernet/sing-box/protocol/reticulum/inbound.go:67.17,69.4 1 0
github.com/sagernet/sing-box/protocol/reticulum/inbound.go:70.3,70.47 1 0
github.com/sagernet/sing-box/protocol/reticulum/inbound.go:70.47,72.4 1 0
github.com/sagernet/sing-box/protocol/reticulum/inbound.go:73.8,74.40 1 0
github.com/sagernet/sing-box/protocol/reticulum/inbound.go:74.40,76.4 1 0
github.com/sagernet/sing-box/protocol/reticulum/inbound.go:80.2,81.22 2 0
github.com/sagernet/sing-box/protocol/reticulum/inbound.go:81.22,82.27 1 0
github.com/sagernet/sing-box/protocol/reticulum/inbound.go:82.27,84.4 1 0
github.com/sagernet/sing-box/protocol/reticulum/inbound.go:84.9,86.4 1 0
github.com/sagernet/sing-box/protocol/reticulum/inbound.go:90.2,91.16 2 0
github.com/sagernet/sing-box/protocol/reticulum/inbound.go:91.16,93.3 1 0
github.com/sagernet/sing-box/protocol/reticulum/inbound.go:94.2,99.16 4 0
github.com/sagernet/sing-box/protocol/reticulum/inbound.go:99.16,101.3 1 0
github.com/sagernet/sing-box/protocol/reticulum/inbound.go:102.2,107.12 4 0
github.com/sagernet/sing-box/protocol/reticulum/inbound.go:110.32,111.6 1 0
github.com/sagernet/sing-box/protocol/reticulum/inbound.go:111.6,113.31 2 0
github.com/sagernet/sing-box/protocol/reticulum/inbound.go:113.31,116.4 2 0
github.com/sagernet/sing-box/protocol/reticulum/inbound.go:117.3,121.17 3 0
github.com/sagernet/sing-box/protocol/reticulum/inbound.go:121.17,123.12 2 0
github.com/sagernet/sing-box/protocol/reticulum/inbound.go:126.3,127.17 2 0
github.com/sagernet/sing-box/protocol/reticulum/inbound.go:127.17,128.12 1 0
github.com/sagernet/sing-box/protocol/reticulum/inbound.go:131.3,132.22 2 0
github.com/sagernet/sing-box/protocol/reticulum/inbound.go:132.22,135.4 1 0
github.com/sagernet/sing-box/protocol/reticulum/inbound.go:139.33,142.14 3 0
github.com/sagernet/sing-box/protocol/reticulum/inbound.go:142.14,144.3 1 0
github.com/sagernet/sing-box/protocol/reticulum/inbound.go:145.2,147.24 3 0
github.com/sagernet/sing-box/protocol/reticulum/inbound.go:147.24,149.3 1 0
github.com/sagernet/sing-box/protocol/reticulum/inbound.go:150.2,151.12 2 0
github.com/sagernet/sing-box/protocol/reticulum/outbound.go:22.52,24.2 1 1
github.com/sagernet/sing-box/protocol/reticulum/outbound.go:36.167,44.2 1 1
github.com/sagernet/sing-box/protocol/reticulum/outbound.go:46.58,47.43 1 1
github.com/sagernet/sing-box/protocol/reticulum/outbound.go:47.43,50.21 3 1
github.com/sagernet/sing-box/protocol/reticulum/outbound.go:50.21,52.4 1 0
github.com/sagernet/sing-box/protocol/reticulum/outbound.go:54.3,54.42 1 1
github.com/sagernet/sing-box/protocol/reticulum/outbound.go:54.42,56.18 2 1
github.com/sagernet/sing-box/protocol/reticulum/outbound.go:56.18,58.5 1 0
github.com/sagernet/sing-box/protocol/reticulum/outbound.go:59.4,59.51 1 1
github.com/sagernet/sing-box/protocol/reticulum/outbound.go:59.51,61.5 1 1
github.com/sagernet/sing-box/protocol/reticulum/outbound.go:62.9,62.46 1 0
github.com/sagernet/sing-box/protocol/reticulum/outbound.go:62.46,65.18 2 0
github.com/sagernet/sing-box/protocol/reticulum/outbound.go:65.18,67.5 1 0
github.com/sagernet/sing-box/protocol/reticulum/outbound.go:68.4,68.48 1 0
github.com/sagernet/sing-box/protocol/reticulum/outbound.go:68.48,70.5 1 0
github.com/sagernet/sing-box/protocol/reticulum/outbound.go:71.9,73.41 1 0
github.com/sagernet/sing-box/protocol/reticulum/outbound.go:73.41,75.5 1 0
github.com/sagernet/sing-box/protocol/reticulum/outbound.go:77.3,77.24 1 0
github.com/sagernet/sing-box/protocol/reticulum/outbound.go:79.2,79.12 1 0
github.com/sagernet/sing-box/protocol/reticulum/outbound.go:82.34,85.2 2 0
github.com/sagernet/sing-box/protocol/reticulum/outbound.go:87.39,89.2 1 0
github.com/sagernet/sing-box/protocol/reticulum/outbound.go:91.44,93.2 1 1
github.com/sagernet/sing-box/protocol/reticulum/outbound.go:95.112,99.13 4 0
github.com/sagernet/sing-box/protocol/reticulum/outbound.go:99.13,100.63 1 0
github.com/sagernet/sing-box/protocol/reticulum/outbound.go:100.63,102.4 1 0
github.com/sagernet/sing-box/protocol/reticulum/outbound.go:106.2,108.16 3 0
github.com/sagernet/sing-box/protocol/reticulum/outbound.go:108.16,110.3 1 0
github.com/sagernet/sing-box/protocol/reticulum/outbound.go:113.2,115.8 3 0
github.com/sagernet/sing-box/protocol/reticulum/outbound.go:115.8,117.19 2 0
github.com/sagernet/sing-box/protocol/reticulum/outbound.go:117.19,119.4 1 0
github.com/sagernet/sing-box/protocol/reticulum/outbound.go:122.2,123.16 2 0
github.com/sagernet/sing-box/protocol/reticulum/outbound.go:123.16,125.3 1 0
github.com/sagernet/sing-box/protocol/reticulum/outbound.go:127.2,128.26 2 0
github.com/sagernet/sing-box/protocol/reticulum/outbound.go:128.26,130.3 1 0
github.com/sagernet/sing-box/protocol/reticulum/outbound.go:131.2,132.61 2 0
github.com/sagernet/sing-box/protocol/reticulum/outbound.go:135.103,137.2 1 0
